[
  {
    "result": {
      "capabilities": {
        "hoverProvider": true,
        "definitionProvider": true,
        "referencesProvider": true
      }
    },
    "id": "0",
    "jsonrpc": ""
  },
  {
    "result": [
      {
        "uri": "golang://github.com/prometheus/client_golang/prometheus.CounterOpts"
      }
    ],
    "id": "1",
    "jsonrpc": ""
  },
  {
    "result": true,
    "id": "2",
    "jsonrpc": ""
  }
]