[
  {
    "result": {
      "capabilities": {
        "hoverProvider": true,
        "definitionProvider": true,
        "referencesProvider": true
      }
    },
    "id": "0",
    "jsonrpc": ""
  },
  {
    "result": [
      {
        "uri": "stdlib://da6b9ec7bf1722fa00196e1eadc10a29156b6b28//src/net/http/server.go",
        "range": {
          "start": {
            "line": 56,
            "character": 5
          },
          "end": {
            "line": 56,
            "character": 11
          }
        }
      }
    ],
    "id": "1",
    "jsonrpc": ""
  },
  {
    "result": true,
    "id": "2",
    "jsonrpc": ""
  }
]