[
  {
    "id": 0,
    "result": {
      "capabilities": {
        "hoverProvider": true,
        "definitionProvider": true,
        "referencesProvider": true,
        "workspaceSymbolProvider": true
      }
    },
    "jsonrpc": "2.0"
  },
  {
    "id": 1,
    "result": {
      "contents": [
        {
          "language": "go",
          "value": "Match"
        },
        {
          "language": "text/definfo",
          "value": "{\"URI\":\"file:///gopath/src/mux/route.go\",\"UnitType\":\"GoPackage\",\"Unit\":\"mux\",\"Path\":\"Match\"}"
        }
      ],
      "range": {
        "start": {
          "line": 199,
          "character": 23
        },
        "end": {
          "line": 199,
          "character": 27
        }
      }
    },
    "jsonrpc": "2.0"
  },
  {
    "id": 2,
    "result": null,
    "jsonrpc": "2.0"
  }
]