<span class="com">&lt;?php</span><span class="">
</span><span class="kwd">class</span><span class=""> </span><span class="pln">PHPMailer</span><span class="">
</span><span class="pun">{</span><span class="">
</span><span class="pun">}</span>

