<span class=""> </span><span class="pun">*</span><span class=""> </span><span class="pun">@</span><span class="kwd">return</span><span class=""> </span><span class="pln">string</span><span class="">
     </span><span class="pun">*/</span><span class="">
    </span><span class="kwd">public</span><span class=""> </span><span class="kwd">function</span><span class=""> </span><span class="pln">DKIM_HeaderC</span><span class="pun">(</span><span class="pln">$signHeader</span><span class="pun">)</span><span class="">
    </span><span class="pun">{</span><span class="">
        </span><span class="pln">$signHeader</span><span class=""> </span><span class="pun">=</span><span class=""> </span><span class="pln">preg_replace</span><span class="pun">(</span><span class="str">&#39;/\r\n\s+/&#39;</span><span class="pun">,</span><span class=""> </span><span class="str">&#39; &#39;</span><span class="pun">,</span><span class=""> </span><span class="pln">$signHeader</span><span class="pun">);</span><span class="">
        </span><span class="pln">$lines</span><span class=""> </span><span class="pun">=</span><span class=""> </span><span class="pln">explode</span><span class="pun">(</span><span class="str">&#34;\r\n&#34;</span><span class="pun">,</span><span class=""> </span><span class="pln">$signHeader</span><span class="pun">);</span><span class="">
        </span><span class="kwd">foreach</span><span class=""> </span><span class="pun">(</span><span class="pln">$lines</span><span class=""> </span><span class="kwd">as</span><span class=""> </span><span class="pln">$key</span><span class=""> </span><span class="pun">=&gt;</span><span class=""> </span><span class="pln">$line</span><span class="pun">)</span><span class=""> </span><span class="pun">{</span><span class="">
            </span><span class="kwd">list</span><span class="pun">(</span><span class="pln">$heading</span><span class="pun">,</span><span class=""> </span><span class="pln">$value</span><span class="pun">)</span><span class=""> </span><span class="pun">=</span><span class=""> </span><span class="pln">explode</span><span class="pun">(</span><span class="str">&#39;:&#39;</span><span class="pun">,</span><span class=""> </span><span class="pln">$line</span><span class="pun">,</span><span class=""> </span><span class="dec">2</span><span class="pun">);</span><span class="">
            </span><span class="pln">$heading</span><span class=""> </span><span class="pun">=</span><span class=""> </span><span class="pln">strtolower</span><span class="pun">(</span><span class="pln">$heading</span><span class="pun">);</span>
