<span class="com">// there was infinite loop at /</span><span class="">
</span><span class="kwd">return</span><span class=""> </span><span class="pun">&lt;</span><span class="pln">div</span><span class=""> </span><span class="pln">className</span><span class="pun">=</span><span class="str">&#34;code-review-inner&#34;</span><span class=""> /&gt;
</span>
