<span class="com">&lt;?php</span><span class="">
</span><span class="pln">$a</span><span class=""> </span><span class="pun">=</span><span class=""> </span><span class="str">&#39;do cats eat bats&#39;</span><span class="pun">;</span>
