[
  {
    "text": "\u003c?php",
    "type": {
      "name": "cp"
    },
    "offset": 0
  },
  {
    "text": "\n",
    "type": {
      "name": "w"
    },
    "offset": 5
  },
  {
    "text": "class",
    "type": {
      "name": "k"
    },
    "offset": 6
  },
  {
    "text": " ",
    "type": {
      "name": "w"
    },
    "offset": 11
  },
  {
    "text": "PHPMailer",
    "type": {
      "name": "nc"
    },
    "offset": 12
  },
  {
    "text": "\n",
    "type": {
      "name": "w"
    },
    "offset": 21
  },
  {
    "text": "{",
    "type": {
      "name": "p"
    },
    "offset": 22
  },
  {
    "text": "\n",
    "type": {
      "name": "w"
    },
    "offset": 23
  },
  {
    "text": "}",
    "type": {
      "name": "p"
    },
    "offset": 24
  }
]