[
  {
    "text": " ",
    "type": {
      "name": "w"
    },
    "offset": 0
  },
  {
    "text": "*",
    "type": {
      "name": "o"
    },
    "offset": 1
  },
  {
    "text": " ",
    "type": {
      "name": "w"
    },
    "offset": 2
  },
  {
    "text": "@",
    "type": {
      "name": "o"
    },
    "offset": 3
  },
  {
    "text": "return",
    "type": {
      "name": "k"
    },
    "offset": 4
  },
  {
    "text": " ",
    "type": {
      "name": "w"
    },
    "offset": 10
  },
  {
    "text": "string",
    "type": {
      "name": "nx"
    },
    "offset": 11
  },
  {
    "text": "\n     ",
    "type": {
      "name": "w"
    },
    "offset": 17
  },
  {
    "text": "*/",
    "type": {
      "name": "o"
    },
    "offset": 23
  },
  {
    "text": "\n    ",
    "type": {
      "name": "w"
    },
    "offset": 25
  },
  {
    "text": "public",
    "type": {
      "name": "k"
    },
    "offset": 30
  },
  {
    "text": " ",
    "type": {
      "name": "w"
    },
    "offset": 36
  },
  {
    "text": "function",
    "type": {
      "name": "k"
    },
    "offset": 37
  },
  {
    "text": " ",
    "type": {
      "name": "w"
    },
    "offset": 45
  },
  {
    "text": "DKIM_HeaderC",
    "type": {
      "name": "nx"
    },
    "offset": 46
  },
  {
    "text": "(",
    "type": {
      "name": "p"
    },
    "offset": 58
  },
  {
    "text": "$signHeader",
    "type": {
      "name": "nv"
    },
    "offset": 59
  },
  {
    "text": ")",
    "type": {
      "name": "p"
    },
    "offset": 70
  },
  {
    "text": "\n    ",
    "type": {
      "name": "w"
    },
    "offset": 71
  },
  {
    "text": "{",
    "type": {
      "name": "p"
    },
    "offset": 76
  },
  {
    "text": "\n        ",
    "type": {
      "name": "w"
    },
    "offset": 77
  },
  {
    "text": "$signHeader",
    "type": {
      "name": "nv"
    },
    "offset": 86
  },
  {
    "text": " ",
    "type": {
      "name": "w"
    },
    "offset": 97
  },
  {
    "text": "=",
    "type": {
      "name": "o"
    },
    "offset": 98
  },
  {
    "text": " ",
    "type": {
      "name": "w"
    },
    "offset": 99
  },
  {
    "text": "preg_replace",
    "type": {
      "name": "nx"
    },
    "offset": 100
  },
  {
    "text": "(",
    "type": {
      "name": "p"
    },
    "offset": 112
  },
  {
    "text": "'/\\r\\n\\s+/'",
    "type": {
      "name": "s1"
    },
    "offset": 113
  },
  {
    "text": ",",
    "type": {
      "name": "p"
    },
    "offset": 124
  },
  {
    "text": " ",
    "type": {
      "name": "w"
    },
    "offset": 125
  },
  {
    "text": "' '",
    "type": {
      "name": "s1"
    },
    "offset": 126
  },
  {
    "text": ",",
    "type": {
      "name": "p"
    },
    "offset": 129
  },
  {
    "text": " ",
    "type": {
      "name": "w"
    },
    "offset": 130
  },
  {
    "text": "$signHeader",
    "type": {
      "name": "nv"
    },
    "offset": 131
  },
  {
    "text": ");",
    "type": {
      "name": "p"
    },
    "offset": 142
  },
  {
    "text": "\n        ",
    "type": {
      "name": "w"
    },
    "offset": 144
  },
  {
    "text": "$lines",
    "type": {
      "name": "nv"
    },
    "offset": 153
  },
  {
    "text": " ",
    "type": {
      "name": "w"
    },
    "offset": 159
  },
  {
    "text": "=",
    "type": {
      "name": "o"
    },
    "offset": 160
  },
  {
    "text": " ",
    "type": {
      "name": "w"
    },
    "offset": 161
  },
  {
    "text": "explode",
    "type": {
      "name": "nx"
    },
    "offset": 162
  },
  {
    "text": "(",
    "type": {
      "name": "p"
    },
    "offset": 169
  },
  {
    "text": "\"\\r\\n\"",
    "type": {
      "name": "s2"
    },
    "offset": 170
  },
  {
    "text": ",",
    "type": {
      "name": "p"
    },
    "offset": 176
  },
  {
    "text": " ",
    "type": {
      "name": "w"
    },
    "offset": 177
  },
  {
    "text": "$signHeader",
    "type": {
      "name": "nv"
    },
    "offset": 178
  },
  {
    "text": ");",
    "type": {
      "name": "p"
    },
    "offset": 189
  },
  {
    "text": "\n        ",
    "type": {
      "name": "w"
    },
    "offset": 191
  },
  {
    "text": "foreach",
    "type": {
      "name": "k"
    },
    "offset": 200
  },
  {
    "text": " ",
    "type": {
      "name": "w"
    },
    "offset": 207
  },
  {
    "text": "(",
    "type": {
      "name": "p"
    },
    "offset": 208
  },
  {
    "text": "$lines",
    "type": {
      "name": "nv"
    },
    "offset": 209
  },
  {
    "text": " ",
    "type": {
      "name": "w"
    },
    "offset": 215
  },
  {
    "text": "as",
    "type": {
      "name": "k"
    },
    "offset": 216
  },
  {
    "text": " ",
    "type": {
      "name": "w"
    },
    "offset": 218
  },
  {
    "text": "$key",
    "type": {
      "name": "nv"
    },
    "offset": 219
  },
  {
    "text": " ",
    "type": {
      "name": "w"
    },
    "offset": 223
  },
  {
    "text": "=\u003e",
    "type": {
      "name": "o"
    },
    "offset": 224
  },
  {
    "text": " ",
    "type": {
      "name": "w"
    },
    "offset": 226
  },
  {
    "text": "$line",
    "type": {
      "name": "nv"
    },
    "offset": 227
  },
  {
    "text": ")",
    "type": {
      "name": "p"
    },
    "offset": 232
  },
  {
    "text": " ",
    "type": {
      "name": "w"
    },
    "offset": 233
  },
  {
    "text": "{",
    "type": {
      "name": "p"
    },
    "offset": 234
  },
  {
    "text": "\n            ",
    "type": {
      "name": "w"
    },
    "offset": 235
  },
  {
    "text": "list",
    "type": {
      "name": "k"
    },
    "offset": 248
  },
  {
    "text": "(",
    "type": {
      "name": "p"
    },
    "offset": 252
  },
  {
    "text": "$heading",
    "type": {
      "name": "nv"
    },
    "offset": 253
  },
  {
    "text": ",",
    "type": {
      "name": "p"
    },
    "offset": 261
  },
  {
    "text": " ",
    "type": {
      "name": "w"
    },
    "offset": 262
  },
  {
    "text": "$value",
    "type": {
      "name": "nv"
    },
    "offset": 263
  },
  {
    "text": ")",
    "type": {
      "name": "p"
    },
    "offset": 269
  },
  {
    "text": " ",
    "type": {
      "name": "w"
    },
    "offset": 270
  },
  {
    "text": "=",
    "type": {
      "name": "o"
    },
    "offset": 271
  },
  {
    "text": " ",
    "type": {
      "name": "w"
    },
    "offset": 272
  },
  {
    "text": "explode",
    "type": {
      "name": "nx"
    },
    "offset": 273
  },
  {
    "text": "(",
    "type": {
      "name": "p"
    },
    "offset": 280
  },
  {
    "text": "':'",
    "type": {
      "name": "s1"
    },
    "offset": 281
  },
  {
    "text": ",",
    "type": {
      "name": "p"
    },
    "offset": 284
  },
  {
    "text": " ",
    "type": {
      "name": "w"
    },
    "offset": 285
  },
  {
    "text": "$line",
    "type": {
      "name": "nv"
    },
    "offset": 286
  },
  {
    "text": ",",
    "type": {
      "name": "p"
    },
    "offset": 291
  },
  {
    "text": " ",
    "type": {
      "name": "w"
    },
    "offset": 292
  },
  {
    "text": "2",
    "type": {
      "name": "m"
    },
    "offset": 293
  },
  {
    "text": ");",
    "type": {
      "name": "p"
    },
    "offset": 294
  },
  {
    "text": "\n            ",
    "type": {
      "name": "w"
    },
    "offset": 296
  },
  {
    "text": "$heading",
    "type": {
      "name": "nv"
    },
    "offset": 309
  },
  {
    "text": " ",
    "type": {
      "name": "w"
    },
    "offset": 317
  },
  {
    "text": "=",
    "type": {
      "name": "o"
    },
    "offset": 318
  },
  {
    "text": " ",
    "type": {
      "name": "w"
    },
    "offset": 319
  },
  {
    "text": "strtolower",
    "type": {
      "name": "nx"
    },
    "offset": 320
  },
  {
    "text": "(",
    "type": {
      "name": "p"
    },
    "offset": 330
  },
  {
    "text": "$heading",
    "type": {
      "name": "nv"
    },
    "offset": 331
  },
  {
    "text": ");",
    "type": {
      "name": "p"
    },
    "offset": 339
  }
]