[
  {
    "text": "// there was infinite loop at /",
    "type": {
      "name": "c1"
    },
    "offset": 0
  },
  {
    "text": "\n",
    "type": {
      "name": "w"
    },
    "offset": 31
  },
  {
    "text": "return",
    "type": {
      "name": "k"
    },
    "offset": 32
  },
  {
    "text": " ",
    "type": {
      "name": "w"
    },
    "offset": 38
  },
  {
    "text": "\u003c",
    "type": {
      "name": "o"
    },
    "offset": 39
  },
  {
    "text": "div",
    "type": {
      "name": "nx"
    },
    "offset": 40
  },
  {
    "text": " ",
    "type": {
      "name": "w"
    },
    "offset": 43
  },
  {
    "text": "className",
    "type": {
      "name": "nx"
    },
    "offset": 44
  },
  {
    "text": "=",
    "type": {
      "name": "o"
    },
    "offset": 53
  },
  {
    "text": "\"code-review-inner\"",
    "type": {
      "name": "s2"
    },
    "offset": 54
  },
  {
    "text": " /\u003e\n",
    "type": {
      "name": "w"
    },
    "offset": 73
  }
]