[
  {
    "text": "\u003c?php",
    "type": {
      "name": "cp"
    },
    "offset": 0
  },
  {
    "text": "\n",
    "type": {
      "name": "w"
    },
    "offset": 5
  },
  {
    "text": "$a",
    "type": {
      "name": "nv"
    },
    "offset": 6
  },
  {
    "text": " ",
    "type": {
      "name": "w"
    },
    "offset": 8
  },
  {
    "text": "=",
    "type": {
      "name": "o"
    },
    "offset": 9
  },
  {
    "text": " ",
    "type": {
      "name": "w"
    },
    "offset": 10
  },
  {
    "text": "'do cats eat bats'",
    "type": {
      "name": "s1"
    },
    "offset": 11
  },
  {
    "text": ";",
    "type": {
      "name": "p"
    },
    "offset": 29
  }
]